3
3
3
3

3
3
3
3

7
7
7
7

7
7
7
7

6
6
6
6

6
6
6
6

2
2
2
2

2
2
2
2

6
6
6
6

6
6
6
6

7.00

3.00

10.00

2.50
