Hello, world!
123
iter 0
iter 1
iter 2
iter 3
iter 4
iter 5
iter 6
iter 7
iter 8
iter 9
ptr.* = 1
ptr.* = 2
@sizeof(i32) = 4
@sizeof([32]i32) = 128
array[0] = 1
array[0] = 2
array[1] = 3
array[0] = 2
array[0] = 1337
array_ptr.*[0] = 1
array_ptr.*[0] = 2
array_ptr.*[1] = 3
array_ptr.*[0] = 2
1 + 2 = 3
2 + 5 = 7
100 + 5 = 105
5 + 5 = 10
my_global = 123
my_global = 321
my_global > 10
factorial(10) = 3628800
@sizeof(struct{a: i32}) = 4
@sizeof(struct{a: i32, b: i64}) = 16
s.a = 123
s.b = 321
s.a = 321
s.b = 123
@sizeof(LocalType) = 16
local_global.a[0] = 321
local_global.a[1] = 123
register params: 1 2 3 4 5 6
stack params: 7 8
register params: 1.0 2.0 3.0 4.0 5.0 6.0 7.0 8.0
stack params: 9.0 10.0
a.a = 1, a.b = 2, a.c = 3
a.a = 4, a.b = 5, a.c = 6
g.a = 7, g.b = 8, g.c = 9
g.a = 4, g.b = 5, g.c = 6
b.a = 7, b.b = 8, b.c = 9
s.a = 111, s.b = 222, s.c = 333
